---
source: tui/src/status/tests.rs
expression: sanitized
---
/status

╭───────────────────────────────────────────────────────────────────╮
│  Aish (v0.0.0)                                                    │
│                                                                   │
│  Model:          gpt-5.1-codex (reasoning none, summaries auto)   │
│  Approval:       untrusted                                        │
│  Sandbox:        read-only                                        │
│                                                                   │
│  Token usage:    1.05K total  (700 input + 350 output)            │
│  5h limit:       [████████░░░░░░░░░░░░] 40% left (resets 11:32)   │
│  Weekly limit:   [█████████████░░░░░░░] 65% left (resets 11:52)   │
│  Warning:        limits may be stale - start new turn to refresh. │
╰───────────────────────────────────────────────────────────────────╯
